{
  "changedAreas": [
    {
      "area": "internal",
      "surfaces": [
        {
          "surfaceId": "file:src/internal/scheduler.go",
          "name": "scheduler.go",
          "path": "src/internal/scheduler.go",
          "kind": "file",
          "changeKind": "modified"
        }
      ]
    }
  ],
  "impactedUnitCount": 1,
  "impactedTestCount": 0,
  "protectionGapCount": 1,
  "selectedTestCount": 0,
  "coverageConfidence": "low",
  "reasonCategories": {
    "directDependency": 0,
    "fixtureDependency": 0,
    "directlyChanged": 0,
    "directoryProximity": 0
  },
  "fallback": {
    "level": "all",
    "reason": "no impacted tests identified; full suite fallback",
    "additionalTests": 0
  },
  "postureBand": "evidence_limited",
  "summary": "1 file(s) changed, 1 code unit(s) impacted, 1 protection gap(s). Posture: evidence_limited.",
  "limitations": [
    "No code units discovered; impact analysis is file-level only.",
    "No per-test coverage lineage available; test selection uses structural heuristics.",
    "No ownership data available; coordination risk may be underestimated."
  ]
}