{
  "duplicateClusters": 0,
  "findingCount": 3,
  "healthGrade": "D",
  "highFanoutNodes": 0,
  "recommendationCount": 3,
  "repoProfile": {
    "testVolume": "small",
    "ciPressure": "medium",
    "coverageConfidence": "low",
    "redundancyLevel": "low",
    "fanoutBurden": "low",
    "skipBurden": "medium",
    "flakeBurden": "low",
    "manualCoveragePresence": "none",
    "graphDensity": 0.007323452484742807
  },
  "weakCoverageCount": 13
}