{
  "duplicateClusters": 0,
  "hasPosture": true,
  "highFanoutNodes": 0,
  "recommendationCount": 5,
  "repoProfile": {
    "testVolume": "small",
    "ciPressure": "low",
    "coverageConfidence": "low",
    "redundancyLevel": "low",
    "fanoutBurden": "low",
    "skipBurden": "",
    "flakeBurden": "",
    "graphDensity": 0.007906558849955076
  },
  "weakCoverageCount": 0
}